// Jest Snapshot v1, https://goo.gl/fbAQLP

exports[`testing todo component should render todo component correctly 1`] = `
<li
  className="complete"
>
  <input
    defaultChecked={true}
    onClick={[Function]}
    type="checkbox"
  />
  Write test cases
  <button
    className="btn btn-delete"
    onClick={[Function]}
  >
    Delete
  </button>
</li>
`;
